[15-10-2025T22:53:36] [__main__] [INFO]: Got BASE prompt with query: 'Кто такой Копатыч?'.
[15-10-2025T22:53:36] [__main__] [INFO]: Found 1 docs for question 'Кто такой Копатыч?'.
[15-10-2025T22:53:36] [__main__] [INFO]: Response: 'Космодесантник.'.
[15-10-2025T22:53:58] [__main__] [INFO]: Got COT prompt with query: 'Кто такой Копатыч?'.
[15-10-2025T22:53:58] [__main__] [INFO]: Found 1 docs for question 'Кто такой Копатыч?'.
[15-10-2025T22:54:02] [__main__] [INFO]: Response: 'Хорошая задача!

Шаг 1: Определите, о чем спрашивает пользователь.
Пользователь спрашивает, кто такой Копатыч.

Шаг 2: Найдите релевантную информацию в контексте.
В контексте нет прямого упоминания имени "Копатыч", но есть персонажи и события, которые могут быть связаны с этим вопросом. Например, есть упоминание инквизитора Эйзенхорна, который видел ребёнка в облике твари, а также Коммодуса Вок, который участвовал в битве.

Шаг 3: Проанализируйте найденную информацию.
Нет прямого указания на то, что Копатыч является персонажем или событием в этом контексте. Однако можно сделать вывод, что вопрос пользовательского интерфейса может быть связан с одним из персонажей или событий, упомянутых в тексте.

Шаг 4: Сформулируйте четкий и полный ответ.
Поскольку в контексте нет прямого указания на то, что Копатыч является персонажем или событием, я не могу дать точного ответа. Однако можно предположить, что вопрос пользовательского интерфейса может быть связан с одним из персонажей или событий, упомянутых в тексте.

Окончательный ответ: "Нет информации о Копатыче в этом контексте."'.
[15-10-2025T22:54:45] [__main__] [INFO]: Got BASE prompt with query: 'Кто такой Кар-Карыч?'.
[15-10-2025T22:54:45] [__main__] [INFO]: Found 1 docs for question 'Кто такой Кар-Карыч?'.
[15-10-2025T22:54:46] [__main__] [INFO]: Response: 'Кар-Карыч — это лидер восстания против Империума и Робаута. Он вместе с Лоргаром и другими верными ему людьми стремится свергнуть порчу Империума и покарать тирана.'.
[15-10-2025T22:55:10] [__main__] [INFO]: Got COT prompt with query: 'Кто такой Кар-Карыч?'.
[15-10-2025T22:55:10] [__main__] [INFO]: Found 1 docs for question 'Кто такой Кар-Карыч?'.
[15-10-2025T22:55:13] [__main__] [INFO]: Response: 'Хорошая задача!

1. Пользователь спрашивает, кто такой Кар-Карыч.
2. В контексте есть несколько упоминаний о Кар-Карыче, но наиболее релевантная информация находится в диалоге между Лоргаром и Робаутом:
	* "Кар-Карыч восстал против нашего безжалостного и жестокого родителя, Робаут..." (Лоргар)
	* "Твоя верность — воздух и бумага, Робаут. Наша верность — кровь. Кар-Карыч Луперкаль решил свергнуть порчу Империума и покарать тирана." (Лоргар)
3. Анализируя эту информацию, мы можем сделать вывод, что Кар-Карыч - это лидер или главарь группы, который восстал против Робаута и Империума.
4. Сформулируем четкий и полный ответ: Кар-Карыч - лидер группы, возглавляющий восстание против Империума и Робаута.

Таким образом, мы можем ответить на вопрос пользователя: "Кто такой Кар-Карыч?"'.
[15-10-2025T22:56:44] [__main__] [INFO]: Got BASE prompt with query: 'Кто такой Чарли Уизли?'.
[15-10-2025T22:56:44] [__main__] [INFO]: Found 1 docs for question 'Кто такой Чарли Уизли?'.
[15-10-2025T22:56:45] [__main__] [INFO]: Response: 'Чарли Уизли - лидер Тысячи Сынов и главный герой повествования.'.
[15-10-2025T22:56:56] [__main__] [INFO]: Got COT prompt with query: 'Кто такой Чарли Уизли?'.
[15-10-2025T22:56:56] [__main__] [INFO]: Found 1 docs for question 'Кто такой Чарли Уизли?'.
[15-10-2025T22:57:00] [__main__] [INFO]: Response: '1. Пользователь спрашивает, кто такой Чарли Уизли.
2. В контексте есть несколько упоминаний о Чарли Уизли, но наиболее релевантная информация находится в первом документе (12.Грэм Макнилл-Тысяча сынов.txt_62).
3. В этом документе говорится, что Чарли Уизли не упал и вместо этого пролетел сквозь дым и пыль к краю кратера, где его встречали Тысяча Сынов.
4. Когда Чарли Уизли касается ногами остекленевшей поверхности, он говорит: «Хатхор Маат, позаботься о нем. Призови все силы Павонидов, чтобы спасти ему жизнь». Это показывает, что Чарли Уизли получил ранение и нуждается в помощи.
5. Позже в документе говорится, что Чарли Уизли говорит: «Я выживу, но бой еще не завершен. Этих стражей совратила скрытая в Горе сила... Если мы ее не остановим, все, что мы здесь обнаружили, будет утрачено». Это показывает, что Чарли Уизли является лидером или командиром Тысячи Сынов и несет ответственность за завершение миссии.
6. На основе этих данных можно сделать вывод, что Чарли Уизли — это главный персонаж в этом контексте, который возглавляет Тысячу Сынов и несет ответственность за завершение миссии.

Ответ: Чарли Уизли — главный персонаж в этом контексте, который возглавляет Тысячу Сынов и несет ответственность за завершение миссии.'.
[15-10-2025T22:59:28] [__main__] [INFO]: Got BASE prompt with query: 'Кто такой Пиннокио?'.
[15-10-2025T22:59:28] [__main__] [INFO]: Found 1 docs for question 'Кто такой Пиннокио?'.
[15-10-2025T22:59:29] [__main__] [INFO]: Response: 'Пиннокио не упоминается в предоставленном тексте.'.
[15-10-2025T22:59:45] [__main__] [INFO]: Got COT prompt with query: 'Кто такой Пиннокио?'.
[15-10-2025T22:59:45] [__main__] [INFO]: Found 1 docs for question 'Кто такой Пиннокио?'.
[15-10-2025T22:59:50] [__main__] [INFO]: Response: 'Хорошая задача!

1. Пользователь спрашивает о Пиннокио.
2. В контексте нет прямой информации о Пиннокио, но мы можем найти релевантную информацию:
	* В документе есть упоминание "Невиновность" и "Страхи", которые могут быть связаны с темой Пиннокио.
	* Однако в контексте нет никаких прямых ссылок на Пиннокио или его истории.
3. Анализируя контекст, мы можем сделать вывод, что пользователь спрашивает о Пиннокио, но неясно, почему он связывает его с этим документом.
4. Сформулируем четкий и полный ответ:

"Извините, но в данном контексте нет никакой информации о Пиннокио. Если вы хотите узнать больше об этом персонаже, я могу предоставить вам информацию из других источников."

Но... что если мы предположим, что пользователь спрашивает о Пиннокио в контексте научной фантастики? В этом случае мы можем сделать вывод, что вопрос связан с темой "Невиновность" и "Страхи", которые могут быть связаны с концепцией Пиннокио как персонажа, который изменился и стал другим.

В этом случае наш ответ будет:

"Пиннокио - это персонаж из классической сказки, который был создан из дерева и получил возможность ходить и говорить. В контексте научной фантастики Пиннокио может символизировать концепцию изменения и эволюции, что соответствует теме "Невиновность" и "Страхи". Однако в данном конкретном документе нет прямой связи с этим персонажем."'.
[15-10-2025T23:00:22] [__main__] [INFO]: Got BASE prompt with query: 'Кто такой Хорус?'.
[15-10-2025T23:00:22] [__main__] [INFO]: Found 1 docs for question 'Кто такой Хорус?'.
[15-10-2025T23:00:22] [__main__] [INFO]: Response: 'В этом тексте нет упоминания имени "Хорус".'.
[15-10-2025T23:00:33] [__main__] [INFO]: Got COT prompt with query: 'Кто такой Хорус?'.
[15-10-2025T23:00:33] [__main__] [INFO]: Found 1 docs for question 'Кто такой Хорус?'.
[15-10-2025T23:00:36] [__main__] [INFO]: Response: 'Хорошая задача!

Шаг 1: Определите, о чем спрашивает пользователь.
Пользователь спрашивает: "Кто такой Хорус?"

Шаг 2: Найдите релевантную информацию в контексте.
В контексте нет упоминаний имени "Хорус". Однако есть разговоры о демонхостах, титанах и других темах научной фантастики.

Шаг 3: Проанализируйте найденную информацию.
Поскольку в контексте нет упоминаний имени "Хорус", мы можем сделать вывод, что этот вопрос не связан с конкретным персонажем или предметом из контекста.

Шаг 4: Сформулируйте четкий и полный ответ.
"Извините, но в контексте нет упоминаний имени 'Хорус'. Если вы хотите узнать о чем-то другом, я готов помочь."

Окончательный ответ: Извините, но в контексте нет упоминаний имени "Хорус".'.
[15-10-2025T23:01:18] [__main__] [INFO]: Got FEW_SHOT prompt with query: 'Кто такой Лунтик?'.
[15-10-2025T23:01:18] [__main__] [INFO]: Found 1 docs for question 'Кто такой Лунтик?'.
[15-10-2025T23:01:19] [__main__] [INFO]: Response: 'Это не тот Лунтик, который я описывал ранее. В этом контексте "Лунтик" - это гигантский робот или механическое существо, которое является противником принцепсов и их Титанов. Оно имеет мощные щиты и может наносить значительный ущерб.'.
[15-10-2025T23:14:01] [__main__] [INFO]: Got BASE prompt with query: 'Кто такой Лунтик?'.
[15-10-2025T23:14:01] [__main__] [INFO]: Found 42 docs for question 'Кто такой Лунтик?'.
[15-10-2025T23:14:05] [__main__] [INFO]: Response: 'Лунтик - это божество в фэнтезийном мире Warhammer 40k. Он является одним из главных божеств Ордена, и его образ часто используется для символизации силы и защиты. В описанном тексте Рамсис произносит молитву к Лунтику перед тем, как убить эльдара.'.
[15-10-2025T23:15:34] [__main__] [INFO]: Got BASE prompt with query: 'Кто такой Лунтик?'.
[15-10-2025T23:15:35] [__main__] [INFO]: Response: 'Лунтик - это персонаж из мультсериала "Солнечный город".'.
[15-10-2025T23:16:14] [__main__] [INFO]: Got BASE prompt with query: 'Кто такой Лунтик?'.
[15-10-2025T23:16:14] [__main__] [INFO]: Found 1 docs for question 'Кто такой Лунтик?'.
[15-10-2025T23:16:15] [__main__] [INFO]: Response: 'Лунтик — это сверхтяжёлый гигантский робот, который является главным противником в этой истории. Он описан как громадная конструкция с башнями и замками на верхней части, которая угрожающе нависает над стеной огня и жара.'.
[15-10-2025T23:16:24] [__main__] [INFO]: Got BASE prompt with query: 'Кто такой Лунтик?'.
[15-10-2025T23:16:25] [__main__] [INFO]: Found 100 docs for question 'Кто такой Лунтик?'.
[15-10-2025T23:16:27] [__main__] [INFO]: Response: 'Лунтик - это персонаж из серии книг "Ересь Хоруса" Джеймса Сваллоу-Гарро. Он является правителем планеты Толл, где происходит действие книги.'.
[15-10-2025T23:16:48] [__main__] [INFO]: Got BASE prompt with query: 'Кто такой Лунтик?'.
[15-10-2025T23:16:48] [__main__] [INFO]: Found 50 docs for question 'Кто такой Лунтик?'.
[15-10-2025T23:16:50] [__main__] [INFO]: Response: 'Лунтик - это персонаж из детской книги и мультсериала "Приключения Эльзы Хайердал". Это маленький, зеленый, круглоголовый человечек с большими глазами. Он живет в лесу и любит помогать своим друзьям.'.
[15-10-2025T23:20:09] [__main__] [INFO]: Got BASE prompt with query: 'Кто такой Лунтик?'.
[15-10-2025T23:20:09] [__main__] [INFO]: Found 42 docs for question 'Кто такой Лунтик?'.
[15-10-2025T23:20:11] [__main__] [INFO]: Response: 'Лунтик - это божество в фэнтезийном мире Warhammer 40k.'.
